// Jest Snapshot v1, https://goo.gl/fbAQLP

exports[`Test kitchen printer Test print kitchen 1`] = `
Object {
  "results": Array [
    Array [],
    Array [
      Object {
        "items": Array [
          Object {
            "_id": "ObjectID",
            "activePopupModifierGroup": "ObjectID",
            "attributes": Array [],
            "category": null,
            "choices": Array [],
            "course": 1,
            "groupPrinter": "Kitchen",
            "groupPrinter2": null,
            "id": "",
            "ingredients": Array [],
            "isDivArticle": null,
            "isItemNote": null,
            "isNoPrint": null,
            "modifiers": Array [],
            "name": "PRIME BEEF",
            "option": Object {
              "_id": "ObjectID",
            },
            "originalPrice": 11,
            "price": 11,
            "printed": true,
            "product": "ObjectID",
            "quantity": 1,
            "sent": true,
            "tax": null,
            "tax2": null,
            "taxes": Array [
              null,
              null,
            ],
            "type": null,
          },
          Object {
            "_id": "ObjectID",
            "activePopupModifierGroup": "ObjectID",
            "attributes": Array [],
            "category": null,
            "choices": Array [],
            "course": 1,
            "groupPrinter": "Kitchen",
            "groupPrinter2": null,
            "id": "",
            "ingredients": Array [],
            "isDivArticle": null,
            "isItemNote": null,
            "isNoPrint": null,
            "modifiers": Array [],
            "name": "SINGAPORE STYLE SEAFOOD",
            "option": Object {
              "_id": "ObjectID",
            },
            "originalPrice": 10,
            "price": 10,
            "printed": true,
            "product": "ObjectID",
            "quantity": 1,
            "sent": true,
            "tax": null,
            "tax2": null,
            "taxes": Array [
              null,
              null,
            ],
            "type": null,
          },
          Object {
            "_id": "ObjectID",
            "activePopupModifierGroup": "ObjectID",
            "attributes": Array [],
            "category": null,
            "choices": Array [],
            "course": 1,
            "groupPrinter": "Kitchen",
            "groupPrinter2": null,
            "id": "",
            "ingredients": Array [],
            "isDivArticle": null,
            "isItemNote": null,
            "isNoPrint": null,
            "modifiers": Array [],
            "name": "PRIME BEEF",
            "option": Object {
              "_id": "ObjectID",
            },
            "originalPrice": 11,
            "price": 11,
            "printed": true,
            "product": "ObjectID",
            "quantity": 1,
            "sent": true,
            "tax": null,
            "tax2": null,
            "taxes": Array [
              null,
              null,
            ],
            "type": null,
          },
        ],
        "name": "Kitchen",
        "printer": Object {
          "_id": "ObjectID",
          "escPOS": true,
          "fontSize": 1,
          "hardwares": Array [],
          "includes": Array [],
          "ip": "192.168.10.6",
          "marginTop": 0,
          "merge": true,
          "name": "Kitchen",
          "printerType": "ip",
        },
      },
    ],
  ],
  "success": true,
}
`;
